// Jest Snapshot v1, https://goo.gl/fbAQLP

exports[`<Rounded Box> should render: 
        .c0 {
              background-color: #bbb;
              border-radius: 50%;
              display: inline-block;
        }
        <div className='sc-AxjAm bfFsoV'
        style={
            className="c0"             
            Object {
                "height": "40px",
                "marginBottom": "20px",
                "width": "40px",
          }
        }></div> 1`] = `
.c0 {
  background-color: #bbb;
  border-radius: 50%;
  display: inline-block;
}

<div
  className="c0"
  style={
    Object {
      "height": "40px",
      "marginBottom": "20px",
      "width": "40px",
    }
  }
/>
`;
