// Jest Snapshot v1, https://goo.gl/fbAQLP

exports[`Text Secondary Secondary Text Snapshot 1`] = `
.c0 {
  font-size: 18px;
  color: black;
  font-family: 'AmazonEmber-regular';
  -webkit-letterSpacing: 0;
  -moz-letterSpacing: 0;
  -ms-letterSpacing: 0;
  letterSpacing: 0;
  lineHeight: 24px;
}

<div
  className="c0"
  id="textSecondaryRegular"
  style={
    Object {
      "color": "red",
    }
  }
>
  Sample Text Secondary
</div>
`;
