// Jest Snapshot v1, https://goo.gl/fbAQLP

exports[`Text Primary Primary Text Snapshot 1`] = `
.c0 {
  color: black;
  font-size: 21px;
  font-family: 'AmazonEmber-Bold';
  -webkit-letter-spacing: 0;
  -moz-letter-spacing: 0;
  -ms-letter-spacing: 0;
  letter-spacing: 0;
  line-height: 28px;
}

<div
  className="c0"
  id="textPrimary"
  style={
    Object {
      "color": "red",
    }
  }
>
  Sample Text Primary
</div>
`;
