// Jest Snapshot v1, https://goo.gl/fbAQLP

exports[`Content Over Card Content Over Card Snapshot 1`] = `
.c0 {
  background-color: #dae8ed;
  display: -webkit-box;
  display: -webkit-flex;
  display: -ms-flexbox;
  display: flex;
  min-height: 250px;
  -webkit-box-pack: center;
  -webkit-justify-content: center;
  -ms-flex-pack: center;
  justify-content: center;
}

<div
  className="c0"
  id="uniqueContentOverride"
  style={
    Object {
      "backgroundColor": "green",
    }
  }
>
  <h1>
    Sample
  </h1>
</div>
`;
